// Jest Snapshot v1, https://goo.gl/fbAQLP

exports[`test IQR function returns the same Snapshot 1`] = `
Array [
  Array [
    0.05602,
    38.2899,
    "Sell",
  ],
  Array [
    0.05607,
    31.6107,
    "Sell",
  ],
  Array [
    0.05613,
    4.58,
    "Sell",
  ],
  Array [
    0.05616,
    5.348332,
    "Sell",
  ],
  Array [
    0.05618,
    48.983591,
    "Sell",
  ],
  Array [
    0.05619,
    0.375525,
    "Sell",
  ],
  Array [
    0.05621,
    0.509501,
    "Sell",
  ],
  Array [
    0.05622,
    0.45,
    "Sell",
  ],
  Array [
    0.05623,
    33.1087,
    "Sell",
  ],
  Array [
    0.05625,
    15,
    "Sell",
  ],
  Array [
    0.0564,
    0.725636,
    "Sell",
  ],
  Array [
    0.05641,
    2.08,
    "Sell",
  ],
  Array [
    0.05644,
    0.527551,
    "Sell",
  ],
  Array [
    0.05645,
    3.301883,
    "Sell",
  ],
  Array [
    0.05646,
    1.075877,
    "Sell",
  ],
  Array [
    0.05647,
    5.355121,
    "Sell",
  ],
  Array [
    0.05648,
    16.56485,
    "Sell",
  ],
  Array [
    0.05649,
    137.467738,
    "Sell",
  ],
  Array [
    0.0565,
    267.503401,
    "Sell",
  ],
  Array [
    0.05651,
    12.183912,
    "Sell",
  ],
  Array [
    0.05652,
    131.170038,
    "Sell",
  ],
  Array [
    0.05653,
    27.440091,
    "Sell",
  ],
  Array [
    0.05654,
    11.658855,
    "Sell",
  ],
  Array [
    0.05655,
    198.709572,
    "Sell",
  ],
  Array [
    0.05656,
    48.414833,
    "Sell",
  ],
  Array [
    0.05657,
    337.265529,
    "Sell",
  ],
  Array [
    0.05658,
    117.590932,
    "Sell",
  ],
  Array [
    0.05659,
    111.579327,
    "Sell",
  ],
  Array [
    0.0566,
    144.119634,
    "Sell",
  ],
  Array [
    0.05661,
    166.945563,
    "Sell",
  ],
  Array [
    0.05662,
    60.917347,
    "Sell",
  ],
  Array [
    0.05689,
    0.006344,
    "Buy",
  ],
  Array [
    0.05669,
    0.23,
    "Buy",
  ],
  Array [
    0.05668,
    0.018,
    "Buy",
  ],
  Array [
    0.05665,
    0.012,
    "Buy",
  ],
  Array [
    0.05663,
    0.1,
    "Buy",
  ],
  Array [
    0.05662,
    0.067,
    "Buy",
  ],
  Array [
    0.05659,
    0.0036,
    "Buy",
  ],
  Array [
    0.05658,
    30,
    "Buy",
  ],
  Array [
    0.05656,
    14.213778,
    "Buy",
  ],
  Array [
    0.05651,
    6,
    "Buy",
  ],
  Array [
    0.0565,
    6.5051,
    "Buy",
  ],
  Array [
    0.05649,
    3.577169,
    "Buy",
  ],
  Array [
    0.05646,
    2.645,
    "Buy",
  ],
  Array [
    0.05645,
    0.575161,
    "Buy",
  ],
  Array [
    0.05644,
    5.544292,
    "Buy",
  ],
  Array [
    0.05643,
    12.69,
    "Buy",
  ],
  Array [
    0.05642,
    0.106895,
    "Buy",
  ],
  Array [
    0.05641,
    4.590461,
    "Buy",
  ],
  Array [
    0.0564,
    52.604524,
    "Buy",
  ],
  Array [
    0.05639,
    87.890628,
    "Buy",
  ],
  Array [
    0.05638,
    42.867022,
    "Buy",
  ],
  Array [
    0.05637,
    196.489507,
    "Buy",
  ],
  Array [
    0.05636,
    116.937606,
    "Buy",
  ],
  Array [
    0.05635,
    243.82495,
    "Buy",
  ],
  Array [
    0.05634,
    57.615363,
    "Buy",
  ],
  Array [
    0.05633,
    134.618913,
    "Buy",
  ],
  Array [
    0.05632,
    571.805039,
    "Buy",
  ],
  Array [
    0.05631,
    162.867853,
    "Buy",
  ],
  Array [
    0.0563,
    2.692719,
    "Buy",
  ],
  Array [
    0.05625,
    0.088887,
    "Buy",
  ],
]
`;
